2026-02-27 08:19:40,470 - ERROR - Database connection test failed: the greenlet library is required to use this function. No module named 'greenlet'
2026-02-27 08:20:12,003 - INFO - Starting Operation Report System API...
2026-02-27 08:20:12,067 - INFO - Database connection successful
2026-02-27 08:20:12,070 - INFO - Shutting down API...
2026-02-27 08:20:12,071 - INFO - Database connections closed
2026-02-27 08:21:03,532 - INFO - Starting Operation Report System API...
2026-02-27 08:21:03,604 - INFO - Database connection successful
2026-02-27 08:21:40,687 - INFO - GET / - Status: 200 - Duration: 0.001s
2026-02-27 08:21:49,455 - INFO - GET /health - Status: 200 - Duration: 0.020s
2026-02-27 08:22:38,594 - INFO - GET /api/v1/auth/login - Status: 405 - Duration: 0.000s
2026-02-27 08:22:38,625 - INFO - GET /favicon.ico - Status: 404 - Duration: 0.000s
2026-02-27 08:22:39,800 - INFO - GET /api/v1/auth/login - Status: 405 - Duration: 0.000s
2026-02-27 08:22:54,438 - INFO - GET /api/v1/auth/me - Status: 401 - Duration: 0.001s
2026-02-27 08:23:10,009 - INFO - GET /docs - Status: 200 - Duration: 0.001s
2026-02-27 08:23:10,344 - INFO - GET /openapi.json - Status: 200 - Duration: 0.070s
2026-02-27 08:24:39,174 - INFO - Starting Operation Report System API...
2026-02-27 08:24:39,236 - INFO - Database connection successful
2026-02-27 08:25:05,315 - INFO - GET /api/v1/auth/login - Status: 405 - Duration: 0.000s
2026-02-27 08:25:05,773 - INFO - GET /api/v1/auth/login - Status: 405 - Duration: 0.000s
2026-02-27 08:25:05,936 - INFO - GET /api/v1/auth/login - Status: 405 - Duration: 0.000s
2026-02-27 08:25:06,073 - INFO - GET /api/v1/auth/login - Status: 405 - Duration: 0.000s
2026-02-27 08:26:33,726 - INFO - Starting Operation Report System API...
2026-02-27 08:26:33,794 - INFO - Database connection successful
2026-02-27 08:26:33,795 - INFO - Shutting down API...
2026-02-27 08:26:33,796 - INFO - Database connections closed
2026-02-27 08:27:13,565 - INFO - Starting Operation Report System API...
2026-02-27 08:27:13,626 - INFO - Database connection successful
2026-02-27 08:29:03,385 - INFO - Shutting down API...
2026-02-27 08:29:03,386 - INFO - Database connections closed
2026-03-17 15:48:55,193 - api.services.database_service - INFO - Database connection pool initialized successfully
2026-03-17 15:48:55,277 - api.services.database_service - INFO - Database connection pool initialized successfully
2026-03-17 15:48:55,310 - werkzeug - INFO - [31m[1mWARNING: This is a development server. Do not use it in a production deployment. Use a production WSGI server instead.[0m
 * Running on http://127.0.0.1:5000
2026-03-17 15:48:55,311 - werkzeug - INFO - [33mPress CTRL+C to quit[0m
2026-03-17 15:49:23,977 - api.app - INFO - GET / - Status: 404 - User: anonymous
2026-03-17 15:49:23,978 - werkzeug - INFO - 127.0.0.1 - - [17/Mar/2026 15:49:23] "[33mGET / HTTP/1.1[0m" 404 -
2026-03-17 15:49:24,200 - api.app - INFO - GET /favicon.ico - Status: 404 - User: anonymous
2026-03-17 15:49:24,200 - werkzeug - INFO - 127.0.0.1 - - [17/Mar/2026 15:49:24] "[33mGET /favicon.ico HTTP/1.1[0m" 404 -
