
==================================================
Traceback (most recent call last):
  File "C:\Users\Admin\Operation-Report-System\admin_dashboard.py", line 503, in keyPressEvent
    def keyPressEvent(self, event):
    
KeyboardInterrupt

==================================================
Traceback (most recent call last):
  File "C:\Users\Admin\Operation-Report-System\main.py", line 71, in <module>
    main()
    ~~~~^^
  File "C:\Users\Admin\Operation-Report-System\main.py", line 36, in main
    login_window = LoginWindow(app)
  File "C:\Users\Admin\Operation-Report-System\login.py", line 36, in __init__
    self.init_database()
    ~~~~~~~~~~~~~~~~~~^^
  File "C:\Users\Admin\Operation-Report-System\login.py", line 58, in init_database
    QMessageBox.critical(
    ~~~~~~~~~~~~~~~~~~~~^
        self,
        ^^^^^
        "Database Connection Error",
        ^^^^^^^^^^^^^^^^^^^^^^^^^^^^
        error_msg
        ^^^^^^^^^
    )
    ^
KeyboardInterrupt

==================================================
Traceback (most recent call last):
  File "C:\Users\Admin\Operation-Report-System\main.py", line 71, in <module>
    main()
    ~~~~^^
  File "C:\Users\Admin\Operation-Report-System\main.py", line 36, in main
    login_window = LoginWindow(app)
  File "C:\Users\Admin\Operation-Report-System\login.py", line 36, in __init__
    self.init_database()
    ~~~~~~~~~~~~~~~~~~^^
  File "C:\Users\Admin\Operation-Report-System\login.py", line 58, in init_database
    QMessageBox.critical(
    ~~~~~~~~~~~~~~~~~~~~^
        self,
        ^^^^^
        "Database Connection Error",
        ^^^^^^^^^^^^^^^^^^^^^^^^^^^^
        error_msg
        ^^^^^^^^^
    )
    ^
KeyboardInterrupt

==================================================
Traceback (most recent call last):
  File "C:\Users\Admin\Operation-Report-System\Client\client_dashboard.py", line 552, in <lambda>
    load_btn.clicked.connect(lambda checked, b=brand: self.auto_fill_beginning_balance(b))
                                                      ~~~~~~~~~~~~~~~~~~~~~~~~~~~~~~~~^^^
  File "C:\Users\Admin\Operation-Report-System\Client\client_dashboard.py", line 1020, in auto_fill_beginning_balance
    self._set_status_brand(brand,
    ~~~~~~~~~~~~~~~~~~~~~~^^^^^^^
    
    
        _GREEN, bold=True)
        ^^^^^^^^^^^^^^^^^^
TypeError: ClientDashboard._set_status_brand() missing 1 required positional argument: 'color'

==================================================
Traceback (most recent call last):
  File "C:\Users\Admin\Operation-Report-System\daily_transaction_page.py", line 1012, in export_to_excel
    wb.save(path)
    ~~~~~~~^^^^^^
  File "C:\Users\Admin\AppData\Local\Python\pythoncore-3.14-64\Lib\site-packages\openpyxl\workbook\workbook.py", line 386, in save
    save_workbook(self, filename)
    ~~~~~~~~~~~~~^^^^^^^^^^^^^^^^
  File "C:\Users\Admin\AppData\Local\Python\pythoncore-3.14-64\Lib\site-packages\openpyxl\writer\excel.py", line 291, in save_workbook
    archive = ZipFile(filename, 'w', ZIP_DEFLATED, allowZip64=True)
  File "C:\Users\Admin\AppData\Local\Python\pythoncore-3.14-64\Lib\zipfile\__init__.py", line 1453, in __init__
    self.fp = io.open(file, filemode)
              ~~~~~~~^^^^^^^^^^^^^^^^
PermissionError: [Errno 13] Permission denied: 'C:/Users/Admin/Downloads/Daily_Transaction_2026-03-04.xlsx'

==================================================
Traceback (most recent call last):
  File "C:\Users\Admin\Operation-Report-System\admin_dashboard.py", line 3090, in closeEvent
    def closeEvent(self, event):
    
KeyboardInterrupt

==================================================
Traceback (most recent call last):
  File "C:\Users\Admin\Operation-Report-System\main.py", line 71, in <module>
    main()
    ~~~~^^
  File "C:\Users\Admin\Operation-Report-System\main.py", line 36, in main
    login_window = LoginWindow(app)
  File "C:\Users\Admin\Operation-Report-System\login.py", line 36, in __init__
    self.init_database()
    ~~~~~~~~~~~~~~~~~~^^
  File "C:\Users\Admin\Operation-Report-System\login.py", line 58, in init_database
    QMessageBox.critical(
    ~~~~~~~~~~~~~~~~~~~~^
        self,
        ^^^^^
        "Database Connection Error",
        ^^^^^^^^^^^^^^^^^^^^^^^^^^^^
        error_msg
        ^^^^^^^^^
    )
    ^
KeyboardInterrupt

==================================================
Traceback (most recent call last):
  File "C:\Users\Admin\Operation-Report-System\main.py", line 71, in <module>
    main()
    ~~~~^^
  File "C:\Users\Admin\Operation-Report-System\main.py", line 36, in main
    login_window = LoginWindow(app)
  File "C:\Users\Admin\Operation-Report-System\login.py", line 36, in __init__
    self.init_database()
    ~~~~~~~~~~~~~~~~~~^^
  File "C:\Users\Admin\Operation-Report-System\login.py", line 58, in init_database
    QMessageBox.critical(
    ~~~~~~~~~~~~~~~~~~~~^
        self,
        ^^^^^
        "Database Connection Error",
        ^^^^^^^^^^^^^^^^^^^^^^^^^^^^
        error_msg
        ^^^^^^^^^
    )
    ^
KeyboardInterrupt

==================================================
Traceback (most recent call last):
  File "C:\Users\Admin\Operation-Report-System\daily_transaction_page.py", line 577, in paintSection
    def paintSection(self, painter, rect, logicalIndex):
    
KeyboardInterrupt

==================================================
Traceback (most recent call last):
  File "C:\Users\Admin\Operation-Report-System\admin_dashboard.py", line 627, in <lambda>
    self.new_sanla_btn.clicked.connect(lambda: self.switch_view(7, self.new_sanla_btn))
    
KeyboardInterrupt

==================================================
Traceback (most recent call last):
  File "C:\Users\Admin\Operation-Report-System\payable_page.py", line 22, in paintSection
    def paintSection(self, painter, rect, logicalIndex):
    
KeyboardInterrupt

==================================================
Traceback (most recent call last):
  File "C:\Users\Admin\Operation-Report-System\Client\client_dashboard.py", line 2072, in closeEvent
    def closeEvent(self, event):
    
KeyboardInterrupt

==================================================
Traceback (most recent call last):
  File "C:\Users\Admin\Operation-Report-System\Client\client_dashboard.py", line 2042, in _check_session_timeout
    def _check_session_timeout(self):
    
KeyboardInterrupt

==================================================
Traceback (most recent call last):
  File "C:\Users\Admin\Operation-Report-System\daily_transaction_page.py", line 573, in paintSection
    def paintSection(self, painter, rect, logicalIndex):
    
KeyboardInterrupt

==================================================
Traceback (most recent call last):
  File "C:\Users\Admin\Operation-Report-System\admin_dashboard.py", line 712, in _check_session_timeout
    def _check_session_timeout(self):
    
KeyboardInterrupt

==================================================
Traceback (most recent call last):
  File "C:\Users\Admin\Operation-Report-System\login.py", line 703, in closeEvent
    def closeEvent(self, event):
    
KeyboardInterrupt

==================================================
Traceback (most recent call last):
  File "C:\Users\Admin\Operation-Report-System\login.py", line 703, in closeEvent
    def closeEvent(self, event):
    
KeyboardInterrupt

==================================================
Traceback (most recent call last):
  File "C:\Users\Admin\Operation-Report-System\Client\client_dashboard.py", line 2060, in _check_session_timeout
    def _check_session_timeout(self):
    
KeyboardInterrupt

==================================================
Traceback (most recent call last):
  File "C:\Users\Admin\Operation-Report-System\admin_dashboard.py", line 799, in eventFilter
    self.zoom_out()
    ~~~~~~~~~~~~~^^
  File "C:\Users\Admin\Operation-Report-System\admin_dashboard.py", line 840, in zoom_out
    self.set_zoom_level(self.zoom_level - 20)
    ~~~~~~~~~~~~~~~~~~~^^^^^^^^^^^^^^^^^^^^^^
  File "C:\Users\Admin\Operation-Report-System\admin_dashboard.py", line 855, in set_zoom_level
    self._apply_zoom_to_all()
    ~~~~~~~~~~~~~~~~~~~~~~~^^
  File "C:\Users\Admin\Operation-Report-System\admin_dashboard.py", line 188, in _apply_zoom_to_all
    font.setPixelSize(new_size)
    ~~~~~~~~~~~~~~~~~^^^^^^^^^^
OverflowError: argument 1 overflowed: value must be in the range -2147483648 to 2147483647

==================================================
Traceback (most recent call last):
  File "C:\Users\Admin\Operation-Report-System\Client\client_dashboard.py", line 2087, in eventFilter
    def eventFilter(self, obj, event):
    
KeyboardInterrupt

==================================================
Traceback (most recent call last):
  File "C:\Users\Admin\Operation-Report-System\Client\client_dashboard.py", line 2087, in eventFilter
    def eventFilter(self, obj, event):
    
KeyboardInterrupt

==================================================
Traceback (most recent call last):
  File "C:\Users\Admin\Operation-Report-System\super_admin_dashboard.py", line 439, in _start_maintenance
    username = self.parent().session.username if hasattr(self.parent(), 'session') else 'super_admin'
               ^^^^^^^^^^^^^^^^^^^^^^^^^^^^^^
AttributeError: 'SessionManager' object has no attribute 'username'

==================================================
Traceback (most recent call last):
  File "C:\Users\Admin\Operation-Report-System\Client\cash_flow_tab.py", line 681, in <lambda>
    mc_btn.clicked.connect(lambda checked, lt=label_text, af=amount_field: self.open_mc_dialog(lt, af))
                                                                           ~~~~~~~~~~~~~~~~~~~^^^^^^^^
  File "C:\Users\Admin\Operation-Report-System\Client\cash_flow_tab.py", line 752, in open_mc_dialog
    dialog = MCCurrencyDialog(self, field_type, existing_entries)
  File "C:\Users\Admin\Operation-Report-System\Client\cash_flow_tab.py", line 137, in __init__
    self.popup_combo = PopupCombo()  # Prepare to add PopupCombo subclass
                       ^^^^^^^^^^
NameError: name 'PopupCombo' is not defined

==================================================
Traceback (most recent call last):
  File "C:\Users\Admin\Operation-Report-System\Client\client_dashboard.py", line 2094, in eventFilter
    def eventFilter(self, obj, event):
    
KeyboardInterrupt

==================================================
Traceback (most recent call last):
  File "C:\Users\Admin\Operation-Report-System\super_admin_dashboard.py", line 441, in _start_maintenance
    username = self.parent().session.username if hasattr(self.parent(), 'session') else 'super_admin'
               ^^^^^^^^^^^^^^^^^^^^^^^^^^^^^^
AttributeError: 'SessionManager' object has no attribute 'username'

==================================================
Traceback (most recent call last):
  File "C:\Users\Admin\Operation-Report-System\Client\client_dashboard.py", line 2094, in eventFilter
    def eventFilter(self, obj, event):
    
KeyboardInterrupt

==================================================
Traceback (most recent call last):
  File "C:\Users\Admin\Operation-Report-System\ping_monitor.py", line 544, in closeEvent
    def closeEvent(self, event):
    
KeyboardInterrupt

==================================================
Traceback (most recent call last):
  File "C:\Users\Admin\Operation-Report-System\admin_dashboard.py", line 919, in eventFilter
    def eventFilter(self, obj, event):
    
KeyboardInterrupt

==================================================
Traceback (most recent call last):
  File "C:\Users\Admin\Operation-Report-System\main.py", line 163, in <module>
    main()
    ~~~~^^
  File "C:\Users\Admin\Operation-Report-System\main.py", line 99, in main
    launcher = UpdateLauncherWindow(app_version=APP_VERSION, check_updates=has_internet)
TypeError: UpdateLauncherWindow.__init__() got an unexpected keyword argument 'check_updates'

==================================================
Traceback (most recent call last):
  File "C:\Users\Admin\Operation-Report-System\main.py", line 163, in <module>
    main()
    ~~~~^^
  File "C:\Users\Admin\Operation-Report-System\main.py", line 99, in main
    launcher = UpdateLauncherWindow(app_version=APP_VERSION, check_updates=has_internet)
TypeError: UpdateLauncherWindow.__init__() got an unexpected keyword argument 'check_updates'

==================================================
Traceback (most recent call last):
  File "C:\Users\Admin\Operation-Report-System\login.py", line 120, in <lambda>
    QTimer.singleShot(100, lambda: QMessageBox.information(
                                   ~~~~~~~~~~~~~~~~~~~~~~~^
        self,
        ^^^^^
        "Offline Mode",
        ^^^^^^^^^^^^^^^
        info_msg
        ^^^^^^^^
    ))
    ^
KeyboardInterrupt

==================================================
Traceback (most recent call last):
  File "C:\Users\Admin\Operation-Report-System\admin_dashboard.py", line 936, in eventFilter
    self.session.update_activity()
    
KeyboardInterrupt

==================================================
Traceback (most recent call last):
  File "C:\Users\Admin\Operation-Report-System\login.py", line 640, in check_admin_login
    self.dashboard = AdminDashboard(account_type=account_type, os_group=os_group)
                     ~~~~~~~~~~~~~~^^^^^^^^^^^^^^^^^^^^^^^^^^^^^^^^^^^^^^^^^^^^^^
  File "C:\Users\Admin\Operation-Report-System\admin_dashboard.py", line 157, in __init__
    self.setup_styles()
    ~~~~~~~~~~~~~~~~~^^
  File "C:\Users\Admin\Operation-Report-System\admin_dashboard.py", line 552, in setup_styles
    width: 10px;
    ^^^^^
NameError: name 'width' is not defined. Did you mean: 'self.width'?

During handling of the above exception, another exception occurred:

Traceback (most recent call last):
  File "C:\Users\Admin\Operation-Report-System\connection_watcher.py", line 91, in _schedule_check
    def _schedule_check(self):
    
KeyboardInterrupt

==================================================
Traceback (most recent call last):
  File "C:\Users\Admin\Operation-Report-System\login.py", line 640, in check_admin_login
    self.dashboard = AdminDashboard(account_type=account_type, os_group=os_group)
                     ~~~~~~~~~~~~~~^^^^^^^^^^^^^^^^^^^^^^^^^^^^^^^^^^^^^^^^^^^^^^
  File "C:\Users\Admin\Operation-Report-System\admin_dashboard.py", line 157, in __init__
    self.setup_styles()
    ~~~~~~~~~~~~~~~~~^^
  File "C:\Users\Admin\Operation-Report-System\admin_dashboard.py", line 552, in setup_styles
    width: 10px;
    ^^^^^
NameError: name 'width' is not defined. Did you mean: 'self.width'?

During handling of the above exception, another exception occurred:

Traceback (most recent call last):
  File "C:\Users\Admin\Operation-Report-System\connection_watcher.py", line 91, in _schedule_check
    def _schedule_check(self):
    
KeyboardInterrupt

==================================================
Traceback (most recent call last):
  File "C:\Users\Admin\Operation-Report-System\login.py", line 640, in check_admin_login
    self.dashboard = AdminDashboard(account_type=account_type, os_group=os_group)
                     ~~~~~~~~~~~~~~^^^^^^^^^^^^^^^^^^^^^^^^^^^^^^^^^^^^^^^^^^^^^^
  File "C:\Users\Admin\Operation-Report-System\admin_dashboard.py", line 158, in __init__
    self.build_ui()
    ~~~~~~~~~~~~~^^
  File "C:\Users\Admin\Operation-Report-System\admin_dashboard.py", line 826, in build_ui
    self.daily_cash_widget = self.build_daily_cash_widget()
                             ~~~~~~~~~~~~~~~~~~~~~~~~~~~~^^
  File "C:\Users\Admin\Operation-Report-System\admin_dashboard.py", line 1619, in build_daily_cash_widget
    palawan_collapsible = self._build_palawan_collapsible()
  File "C:\Users\Admin\Operation-Report-System\admin_dashboard.py", line 1769, in _build_palawan_collapsible
    grid_layout.addWidget(_make_section("PALAWAN SEND-OUT",      "sendout",       "#1b75bc"), 0, 0)
                          ~~~~~~~~~~~~~^^^^^^^^^^^^^^^^^^^^^^^^^^^^^^^^^^^^^^^^^^^^^^^^^^^^^
  File "C:\Users\Admin\Operation-Report-System\admin_dashboard.py", line 1760, in _make_section
    self.palawan_inputs[f"palawan_{section_key}_{sub}"].textChanged.connect(_recalc)
    ^^^^^^^^^^^^^^^^^^^^^^^^^^^^^^^^^^^^^^^^^^^^^^^^^^^^^^^^^^^^^^^
AttributeError: 'MoneyInput' object has no attribute 'textChanged'

During handling of the above exception, another exception occurred:

Traceback (most recent call last):
  File "C:\Users\Admin\Operation-Report-System\connection_watcher.py", line 91, in _schedule_check
    def _schedule_check(self):
    
KeyboardInterrupt

==================================================
Traceback (most recent call last):
  File "C:\Users\Admin\Operation-Report-System\login.py", line 640, in check_admin_login
    self.dashboard = AdminDashboard(account_type=account_type, os_group=os_group)
                     ~~~~~~~~~~~~~~^^^^^^^^^^^^^^^^^^^^^^^^^^^^^^^^^^^^^^^^^^^^^^
  File "C:\Users\Admin\Operation-Report-System\admin_dashboard.py", line 158, in __init__
    self.build_ui()
    ~~~~~~~~~~~~~^^
  File "C:\Users\Admin\Operation-Report-System\admin_dashboard.py", line 826, in build_ui
    self.daily_cash_widget = self.build_daily_cash_widget()
                             ~~~~~~~~~~~~~~~~~~~~~~~~~~~~^^
  File "C:\Users\Admin\Operation-Report-System\admin_dashboard.py", line 1619, in build_daily_cash_widget
    palawan_collapsible = self._build_palawan_collapsible()
  File "C:\Users\Admin\Operation-Report-System\admin_dashboard.py", line 1769, in _build_palawan_collapsible
    grid_layout.addWidget(_make_section("PALAWAN SEND-OUT",      "sendout",       "#1b75bc"), 0, 0)
                          ~~~~~~~~~~~~~^^^^^^^^^^^^^^^^^^^^^^^^^^^^^^^^^^^^^^^^^^^^^^^^^^^^^
  File "C:\Users\Admin\Operation-Report-System\admin_dashboard.py", line 1760, in _make_section
    self.palawan_inputs[f"palawan_{section_key}_{sub}"].textChanged.connect(_recalc)
    ^^^^^^^^^^^^^^^^^^^^^^^^^^^^^^^^^^^^^^^^^^^^^^^^^^^^^^^^^^^^^^^
AttributeError: 'MoneyInput' object has no attribute 'textChanged'

During handling of the above exception, another exception occurred:

Traceback (most recent call last):
  File "C:\Users\Admin\Operation-Report-System\connection_watcher.py", line 91, in _schedule_check
    def _schedule_check(self):
    
KeyboardInterrupt

==================================================
Traceback (most recent call last):
  File "C:\Users\Admin\Operation-Report-System\Client\client_dashboard.py", line 2007, in eventFilter
    def eventFilter(self, obj, event):
    
KeyboardInterrupt

==================================================
Traceback (most recent call last):
  File "C:\Users\Admin\Operation-Report-System\admin_dashboard.py", line 936, in eventFilter
    def eventFilter(self, obj, event):
    
KeyboardInterrupt
